// Jest Snapshot v1, https://goo.gl/fbAQLP

exports[`Pruebas en <CalendarScreen> debe de mostrarse correctamente 1`] = `ReactWrapper {}`;
